2026-08-15 15:44:06,870 | INFO | ============================================================
2026-08-15 15:44:06,870 | INFO | HIMS-CDI Streaming Engine Starting
2026-08-15 15:44:06,871 | INFO | ============================================================
2026-08-15 15:44:06,871 | INFO | Verifying model integrity...
2026-08-15 15:44:06,891 | INFO | Model integrity verified. SHA-256: 20bc89324c0c6f434e0151f23941ce070096fa367d66b56cf246a711aa35f40a
2026-08-15 15:44:08,210 | INFO | Restored particle filter state from frozen bundle.
2026-08-15 15:44:08,210 | INFO | Engine initialized. Ready to process events.
2026-08-15 15:44:08,213 | INFO | Reading JSON events from stdin...
2026-08-15 15:44:08,213 | INFO | Tip: Type a JSON line and press Enter. Ctrl+C to stop.
2026-08-15 15:44:12,153 | WARNING | GOVERNANCE GATE BREACH: {'timestamp_utc': '2026-08-15T14:44:12.153268+00:00', 'event_id': 'test-001', 'raw_risk': 0.8083554737388736, 'smoothed_risk': 0.8997368295675536, 'calibrated_risk': 0.5963149078726968, 'latency_ms': 3939.63, 'memory_mb': 156.66, 'gate_status': {'gate3_latency_pass': False, 'gate3_memory_pass': False}, 'all_gates_pass': False}
2026-08-15 15:44:33,642 | INFO | Verifying model integrity...
2026-08-15 15:44:33,643 | INFO | Model integrity verified. SHA-256: 20bc89324c0c6f434e0151f23941ce070096fa367d66b56cf246a711aa35f40a
2026-08-15 15:44:33,778 | INFO | Restored particle filter state from frozen bundle.
2026-08-15 15:44:33,778 | INFO | Engine initialized. Ready to process events.
2026-08-15 15:45:23,148 | INFO | ============================================================
2026-08-15 15:45:23,148 | INFO | HIMS-CDI Streaming Engine Starting
2026-08-15 15:45:23,149 | INFO | ============================================================
2026-08-15 15:45:23,149 | INFO | Verifying model integrity...
2026-08-15 15:45:23,150 | INFO | Model integrity verified. SHA-256: 20bc89324c0c6f434e0151f23941ce070096fa367d66b56cf246a711aa35f40a
2026-08-15 15:45:23,306 | INFO | Restored particle filter state from frozen bundle.
2026-08-15 15:45:23,306 | INFO | Engine initialized. Ready to process events.
2026-08-15 15:45:23,307 | INFO | Reading JSON events from stdin...
2026-08-15 15:45:23,307 | INFO | Tip: Type a JSON line and press Enter. Ctrl+C to stop.
2026-08-15 15:45:25,693 | WARNING | GOVERNANCE GATE BREACH: {'timestamp_utc': '2026-08-15T14:45:25.691644+00:00', 'event_id': 'test-001', 'raw_risk': 0.8083554737388736, 'smoothed_risk': 0.8997368295675536, 'calibrated_risk': 0.5963149078726968, 'latency_ms': 2383.965, 'memory_mb': 157.02, 'gate_status': {'gate3_latency_pass': False, 'gate3_memory_pass': False}, 'all_gates_pass': False}
